◇ injected env (4) from .env // tip: ⌘ multiple files { path: ['.env.local', '.env'] }
Server in ascolto sulla porta 65535
◇ injected env (4) from .env // tip: ⌘ override existing { override: true }
Server in ascolto sulla porta 65535
◇ injected env (4) from .env // tip: ⌘ override existing { override: true }
Server in ascolto sulla porta 65535
◇ injected env (4) from .env // tip: ⌁ auth for agents [www.vestauth.com]
Server in ascolto sulla porta 65535
◇ injected env (4) from .env // tip: ⌘ override existing { override: true }
Server in ascolto sulla porta 65535
◇ injected env (4) from .env // tip: ◈ encrypted .env [www.dotenvx.com]
Server in ascolto sulla porta 65535
◇ injected env (4) from .env // tip: ◈ secrets for agents [www.dotenvx.com]
Server in ascolto sulla porta 65535
◇ injected env (4) from .env // tip: ◈ secrets for agents [www.dotenvx.com]
Server in ascolto sulla porta 65535
◇ injected env (4) from .env // tip: ⌁ auth for agents [www.vestauth.com]
Server in ascolto sulla porta 65535
◇ injected env (4) from .env // tip: ⌘ enable debugging { debug: true }
Server in ascolto sulla porta 65535
◇ injected env (4) from .env // tip: ⌘ multiple files { path: ['.env.local', '.env'] }
Server in ascolto sulla porta 65535
◇ injected env (4) from .env // tip: ⌘ multiple files { path: ['.env.local', '.env'] }
Server in ascolto sulla porta 65535
◇ injected env (4) from .env // tip: ◈ secrets for agents [www.dotenvx.com]
Server in ascolto sulla porta 65535
◇ injected env (4) from .env // tip: ⌁ auth for agents [www.vestauth.com]
Server in ascolto sulla porta 65535
◇ injected env (4) from .env // tip: ⌘ override existing { override: true }
Server in ascolto sulla porta 65535
◇ injected env (4) from .env // tip: ⌘ enable debugging { debug: true }
Server in ascolto sulla porta 65535
◇ injected env (4) from .env // tip: ⌁ auth for agents [www.vestauth.com]
Server in ascolto sulla porta 65535
◇ injected env (4) from .env // tip: ◈ secrets for agents [www.dotenvx.com]
Server in ascolto sulla porta 65535
◇ injected env (4) from .env // tip: ◈ encrypted .env [www.dotenvx.com]
Server in ascolto sulla porta 65535
◇ injected env (4) from .env // tip: ◈ encrypted .env [www.dotenvx.com]
Server in ascolto sulla porta 65535
◇ injected env (4) from .env // tip: ⌁ auth for agents [www.vestauth.com]
Server in ascolto sulla porta 65535
◇ injected env (4) from .env // tip: ◈ secrets for agents [www.dotenvx.com]
Server in ascolto sulla porta 65535
◇ injected env (4) from .env // tip: ◈ encrypted .env [www.dotenvx.com]
Server in ascolto sulla porta 65535
◇ injected env (4) from .env // tip: ⌘ custom filepath { path: '/custom/path/.env' }
Server in ascolto sulla porta 65535
◇ injected env (4) from .env // tip: ⌘ suppress logs { quiet: true }
Server in ascolto sulla porta 65535
◇ injected env (4) from .env // tip: ◈ encrypted .env [www.dotenvx.com]
Server in ascolto sulla porta 65535
◇ injected env (4) from .env // tip: ⌘ multiple files { path: ['.env.local', '.env'] }
Server in ascolto sulla porta 65535
◇ injected env (4) from .env // tip: ⌘ enable debugging { debug: true }
Server in ascolto sulla porta 65535
◇ injected env (4) from .env // tip: ◈ encrypted .env [www.dotenvx.com]
Server in ascolto sulla porta 65535
